// Jest Snapshot v1, https://goo.gl/fbAQLP

exports[`pageNotFound component should render content as describe in the component 1`] = `<pageNotFound />`;
